[demo.mythemeshop.com/s/index7098.html]
[backblue.gif]
[fade.gif]
[index.html]
[demo.mythemeshop.com/s/stylef9e3.css]
[demo.mythemeshop.com/s/images/favicon.png]
[demo.mythemeshop.com/s/images/apple-touch-icon.png]
[www.googleadservices.com/pagead/f.txt]
[demo.mythemeshop.com/s/js/customf700.js]
[demo.mythemeshop.com/s/js/jquery.min.js]
[connect.facebook.net/en_US/fbevents.js]
[connect.facebook.net/en_US/fbds.js]
[demo.mythemeshop.com/s/images/mts-demobar-logo.png]
[demo.mythemeshop.com/s/index7098.html]
[demo.mythemeshop.com/s/fonts/proximanova-regular-webfont.eot]
[demo.mythemeshop.com/s/a/coupon/index.html]
[demo.mythemeshop.com/s/fonts/proximanova-regular-webfontd41d.eot]
[demo.mythemeshop.com/s/fonts/proximanova-regular-webfont.woff2]
[demo.mythemeshop.com/s/fonts/proximanova-regular-webfont.woff]
[demo.mythemeshop.com/s/fonts/proximanova-regular-webfont.ttf]
[demo.mythemeshop.com/s/fonts/proximanova-regular-webfont.svg]
[demo.mythemeshop.com/s/fonts/proximanova-bold-webfont.eot]
[demo.mythemeshop.com/s/fonts/proximanova-bold-webfontd41d.eot]
[demo.mythemeshop.com/s/fonts/proximanova-bold-webfont.woff2]
[demo.mythemeshop.com/s/fonts/proximanova-bold-webfont.woff]
[demo.mythemeshop.com/s/fonts/proximanova-bold-webfont.ttf]
[demo.mythemeshop.com/s/fonts/proximanova-bold-webfont.svg]
[demo.mythemeshop.com/s/fonts/proximanova-semibold-webfont.eot]
[demo.mythemeshop.com/s/fonts/proximanova-semibold-webfontd41d.eot]
[demo.mythemeshop.com/s/fonts/proximanova-semibold-webfont.woff2]
[demo.mythemeshop.com/s/fonts/proximanova-semibold-webfont.woff]
[demo.mythemeshop.com/s/fonts/proximanova-semibold-webfont.ttf]
[demo.mythemeshop.com/s/fonts/proximanova-semibold-webfont.svg]
[demo.mythemeshop.com/s/fonts/proximanova-light-webfont.eot]
[demo.mythemeshop.com/s/fonts/proximanova-light-webfontd41d.eot]
[demo.mythemeshop.com/s/fonts/proximanova-light-webfont.woff2]
[demo.mythemeshop.com/s/fonts/proximanova-light-webfont.woff]
[demo.mythemeshop.com/s/fonts/proximanova-light-webfont.ttf]
[demo.mythemeshop.com/s/fonts/proximanova-light-webfont.svg]
[demo.mythemeshop.com/s/fonts/icomoon3088.eot]
[demo.mythemeshop.com/s/fonts/icomoon3088.ttf]
[demo.mythemeshop.com/s/fonts/icomoon3088.woff]
[demo.mythemeshop.com/s/fonts/icomoon3088.svg]
[demo.mythemeshop.com/s/images/filter-help.png]
[demo.mythemeshop.com/s/images/hover-help.png]
[demo.mythemeshop.com/s/images/click-help.png]
[demo.mythemeshop.com/s/images/close-help.png]
[demo.mythemeshop.com/s/images/select.png]
[demo.mythemeshop.com/s/images/scroll.png]
[demo.mythemeshop.com/s/images/responsive.png]
[demo.mythemeshop.com/s/images/download.png]
[demo.mythemeshop.com/s/stylef9e3.css]
[connect.facebook.net/en_US/fbevents.js]
[connect.facebook.net/en_US/fbds.js]
[demo.mythemeshop.com/s/a/coupon/images/style.css]
[demo.mythemeshop.com/s/a/coupon/images/favicon.png]
[demo.mythemeshop.com/s/a/coupon/images/laptop.png]
[demo.mythemeshop.com/s/a/coupon/images/coupon.jpg]
[demo.mythemeshop.com/s/a/coupon/images/coupon-2.jpg]
[demo.mythemeshop.com/s/a/coupon/images/coupon-3.jpg]
[demo.mythemeshop.com/s/a/coupon/images/coupon-4.jpg]
[demo.mythemeshop.com/s/a/coupon/images/coupon-5.jpg]
[demo.mythemeshop.com/s/a/coupon/images/coupon-shop.jpg]
[demo.mythemeshop.com/s/a/coupon/images/coupon-blog.jpg]
[demo.mythemeshop.com/s/a/coupon/index.html]
[demo.mythemeshop.com/s/fonts/proximanova-regular-webfont.svg]
[demo.mythemeshop.com/s/fonts/proximanova-bold-webfont.svg]
[demo.mythemeshop.com/s/fonts/proximanova-semibold-webfont.svg]
[demo.mythemeshop.com/s/fonts/proximanova-light-webfont.svg]
[demo.mythemeshop.com/s/fonts/icomoon3088.svg]
[demo.mythemeshop.com/s/a/coupon/images/logo.png]
[demo.mythemeshop.com/s/a/coupon/images/style.css]
